// Vitest Snapshot v1, https://vitest.dev/guide/snapshot.html

exports[`PageLayout Component > matches snapshot (standalone) 1`] = `
<div>
  <div
    class="min-h-screen flex flex-col"
  >
    <header
      class="sticky top-0 z-50 bg-background/85 backdrop-blur-md border-b border-border/80"
    >
      <div
        class="container mx-auto px-4 h-16 flex items-center justify-between"
      >
        <a
          class="font-display text-2xl font-semibold tracking-tight hover:text-accent transition-colors"
          data-discover="true"
          href="/"
        >
          Aljo Store
        </a>
        <nav
          class="hidden md:flex items-center gap-8"
        >
          <a
            class="relative text-sm font-medium text-muted-foreground hover:text-foreground transition-colors group"
            data-discover="true"
            href="/"
          >
            Home
            <span
              class="absolute -bottom-1 left-0 h-px w-0 bg-accent transition-all duration-300 group-hover:w-full"
            />
          </a>
          <a
            class="relative text-sm font-medium text-muted-foreground hover:text-foreground transition-colors group"
            data-discover="true"
            href="/products"
          >
            Products
            <span
              class="absolute -bottom-1 left-0 h-px w-0 bg-accent transition-all duration-300 group-hover:w-full"
            />
          </a>
          <a
            class="relative text-sm font-medium text-muted-foreground hover:text-foreground transition-colors group"
            data-discover="true"
            href="/about"
          >
            About
            <span
              class="absolute -bottom-1 left-0 h-px w-0 bg-accent transition-all duration-300 group-hover:w-full"
            />
          </a>
          <a
            class="relative text-sm font-medium text-muted-foreground hover:text-foreground transition-colors group"
            data-discover="true"
            href="/contact"
          >
            Contact
            <span
              class="absolute -bottom-1 left-0 h-px w-0 bg-accent transition-all duration-300 group-hover:w-full"
            />
          </a>
        </nav>
        <div
          class="flex items-center gap-4"
        >
          <a
            class="hidden sm:block text-muted-foreground hover:text-foreground transition-colors"
            data-discover="true"
            href="/signup"
          >
            <button
              class="inline-flex items-center justify-center whitespace-nowrap font-medium transition-all duration-200 disabled:pointer-events-none disabled:opacity-50 [&_svg]:pointer-events-none [&_svg:not([class*='size-'])]:size-4 shrink-0 [&_svg]:shrink-0 outline-none focus-visible:border-ring focus-visible:ring-ring/50 focus-visible:ring-[3px] aria-invalid:ring-destructive/20 dark:aria-invalid:ring-destructive/40 aria-invalid:border-destructive active:scale-[0.98] hover:bg-accent hover:text-accent-foreground dark:hover:bg-accent/50 h-8 rounded-md gap-1.5 has-[>svg]:px-2.5 text-base px-4"
              data-size="sm"
              data-slot="button"
              data-variant="ghost"
            >
              Sign up
            </button>
          </a>
          <a
            class="text-muted-foreground hover:text-accent transition-colors"
            data-discover="true"
            href="/products"
          >
            <svg
              aria-hidden="true"
              class="lucide lucide-search h-5 w-5"
              fill="none"
              height="24"
              stroke="currentColor"
              stroke-linecap="round"
              stroke-linejoin="round"
              stroke-width="2"
              viewBox="0 0 24 24"
              width="24"
              xmlns="http://www.w3.org/2000/svg"
            >
              <path
                d="m21 21-4.34-4.34"
              />
              <circle
                cx="11"
                cy="11"
                r="8"
              />
            </svg>
          </a>
          <a
            class="relative text-muted-foreground hover:text-accent transition-colors"
            data-discover="true"
            href="/cart"
          >
            <svg
              aria-hidden="true"
              class="lucide lucide-shopping-bag h-5 w-5"
              fill="none"
              height="24"
              stroke="currentColor"
              stroke-linecap="round"
              stroke-linejoin="round"
              stroke-width="2"
              viewBox="0 0 24 24"
              width="24"
              xmlns="http://www.w3.org/2000/svg"
            >
              <path
                d="M16 10a4 4 0 0 1-8 0"
              />
              <path
                d="M3.103 6.034h17.794"
              />
              <path
                d="M3.4 5.467a2 2 0 0 0-.4 1.2V20a2 2 0 0 0 2 2h14a2 2 0 0 0 2-2V6.667a2 2 0 0 0-.4-1.2l-2-2.667A2 2 0 0 0 17 2H7a2 2 0 0 0-1.6.8z"
              />
            </svg>
            <span
              class="absolute -top-2 -right-2 bg-accent text-accent-foreground text-[10px] w-4 h-4 rounded-full flex items-center justify-center font-bold shadow-soft"
            >
              3
            </span>
          </a>
          <button
            aria-controls="radix-_r_9_"
            aria-expanded="false"
            aria-haspopup="dialog"
            class="md:hidden text-muted-foreground hover:text-foreground"
            data-slot="sheet-trigger"
            data-state="closed"
            type="button"
          >
            <svg
              aria-hidden="true"
              class="lucide lucide-menu h-5 w-5"
              fill="none"
              height="24"
              stroke="currentColor"
              stroke-linecap="round"
              stroke-linejoin="round"
              stroke-width="2"
              viewBox="0 0 24 24"
              width="24"
              xmlns="http://www.w3.org/2000/svg"
            >
              <path
                d="M4 5h16"
              />
              <path
                d="M4 12h16"
              />
              <path
                d="M4 19h16"
              />
            </svg>
          </button>
        </div>
      </div>
    </header>
    <main
      class="flex-1"
    />
    <footer
      class="border-t border-border bg-secondary/40"
    >
      <div
        class="container mx-auto px-4 py-16"
      >
        <div
          class="grid grid-cols-2 gap-10 md:grid-cols-4 lg:grid-cols-5"
        >
          <div
            class="col-span-2 lg:col-span-2"
          >
            <a
              class="font-display text-2xl font-semibold text-primary"
              data-discover="true"
              href="/"
            >
              Aljo Store
            </a>
            <div
              class="mt-4 flex gap-3"
            >
              <a
                aria-label="Facebook"
                class="flex h-9 w-9 items-center justify-center rounded-full border border-border text-muted-foreground transition-colors hover:border-accent hover:bg-accent hover:text-accent-foreground"
                href="#"
              >
                <svg
                  aria-hidden="true"
                  class="lucide lucide-facebook h-4 w-4"
                  fill="none"
                  height="24"
                  stroke="currentColor"
                  stroke-linecap="round"
                  stroke-linejoin="round"
                  stroke-width="2"
                  viewBox="0 0 24 24"
                  width="24"
                  xmlns="http://www.w3.org/2000/svg"
                >
                  <path
                    d="M18 2h-3a5 5 0 0 0-5 5v3H7v4h3v8h4v-8h3l1-4h-4V7a1 1 0 0 1 1-1h3z"
                  />
                </svg>
              </a>
              <a
                aria-label="Instagram"
                class="flex h-9 w-9 items-center justify-center rounded-full border border-border text-muted-foreground transition-colors hover:border-accent hover:bg-accent hover:text-accent-foreground"
                href="#"
              >
                <svg
                  aria-hidden="true"
                  class="lucide lucide-instagram h-4 w-4"
                  fill="none"
                  height="24"
                  stroke="currentColor"
                  stroke-linecap="round"
                  stroke-linejoin="round"
                  stroke-width="2"
                  viewBox="0 0 24 24"
                  width="24"
                  xmlns="http://www.w3.org/2000/svg"
                >
                  <rect
                    height="20"
                    rx="5"
                    ry="5"
                    width="20"
                    x="2"
                    y="2"
                  />
                  <path
                    d="M16 11.37A4 4 0 1 1 12.63 8 4 4 0 0 1 16 11.37z"
                  />
                  <line
                    x1="17.5"
                    x2="17.51"
                    y1="6.5"
                    y2="6.5"
                  />
                </svg>
              </a>
              <a
                aria-label="LinkedIn"
                class="flex h-9 w-9 items-center justify-center rounded-full border border-border text-muted-foreground transition-colors hover:border-accent hover:bg-accent hover:text-accent-foreground"
                href="#"
              >
                <svg
                  aria-hidden="true"
                  class="lucide lucide-linkedin h-4 w-4"
                  fill="none"
                  height="24"
                  stroke="currentColor"
                  stroke-linecap="round"
                  stroke-linejoin="round"
                  stroke-width="2"
                  viewBox="0 0 24 24"
                  width="24"
                  xmlns="http://www.w3.org/2000/svg"
                >
                  <path
                    d="M16 8a6 6 0 0 1 6 6v7h-4v-7a2 2 0 0 0-2-2 2 2 0 0 0-2 2v7h-4v-7a6 6 0 0 1 6-6z"
                  />
                  <rect
                    height="12"
                    width="4"
                    x="2"
                    y="9"
                  />
                  <circle
                    cx="4"
                    cy="4"
                    r="2"
                  />
                </svg>
              </a>
              <a
                aria-label="Twitter"
                class="flex h-9 w-9 items-center justify-center rounded-full border border-border text-muted-foreground transition-colors hover:border-accent hover:bg-accent hover:text-accent-foreground"
                href="#"
              >
                <svg
                  aria-hidden="true"
                  class="lucide lucide-twitter h-4 w-4"
                  fill="none"
                  height="24"
                  stroke="currentColor"
                  stroke-linecap="round"
                  stroke-linejoin="round"
                  stroke-width="2"
                  viewBox="0 0 24 24"
                  width="24"
                  xmlns="http://www.w3.org/2000/svg"
                >
                  <path
                    d="M22 4s-.7 2.1-2 3.4c1.6 10-9.4 17.3-18 11.6 2.2.1 4.4-.6 6-2C3 15.5.5 9.6 3 5c2.2 2.6 5.6 4.1 9 4-.9-4.2 4-6.6 7-3.8 1.1 0 3-1.2 3-1.2z"
                  />
                </svg>
              </a>
            </div>
            <div
              class="mt-6 space-y-2 text-sm text-muted-foreground"
            >
              <p
                class="font-semibold text-foreground"
              >
                Address
              </p>
              <p
                class="flex items-center gap-2"
              >
                <svg
                  aria-hidden="true"
                  class="lucide lucide-phone h-4 w-4 shrink-0"
                  fill="none"
                  height="24"
                  stroke="currentColor"
                  stroke-linecap="round"
                  stroke-linejoin="round"
                  stroke-width="2"
                  viewBox="0 0 24 24"
                  width="24"
                  xmlns="http://www.w3.org/2000/svg"
                >
                  <path
                    d="M13.832 16.568a1 1 0 0 0 1.213-.303l.355-.465A2 2 0 0 1 17 15h3a2 2 0 0 1 2 2v3a2 2 0 0 1-2 2A18 18 0 0 1 2 4a2 2 0 0 1 2-2h3a2 2 0 0 1 2 2v3a2 2 0 0 1-.8 1.6l-.468.351a1 1 0 0 0-.292 1.233 14 14 0 0 0 6.392 6.384"
                  />
                </svg>
                 +1 123 654 987
              </p>
              <p
                class="flex items-center gap-2"
              >
                <svg
                  aria-hidden="true"
                  class="lucide lucide-map-pin h-4 w-4 shrink-0"
                  fill="none"
                  height="24"
                  stroke="currentColor"
                  stroke-linecap="round"
                  stroke-linejoin="round"
                  stroke-width="2"
                  viewBox="0 0 24 24"
                  width="24"
                  xmlns="http://www.w3.org/2000/svg"
                >
                  <path
                    d="M20 10c0 4.993-5.539 10.193-7.399 11.799a1 1 0 0 1-1.202 0C9.539 20.193 4 14.993 4 10a8 8 0 0 1 16 0"
                  />
                  <circle
                    cx="12"
                    cy="10"
                    r="3"
                  />
                </svg>
                 877 The Bronx, NY 14568, USA
              </p>
            </div>
          </div>
          <div>
            <h4
              class="mb-4 text-sm font-semibold uppercase tracking-wider text-primary"
            >
              My Account
            </h4>
            <ul
              class="space-y-3 text-sm text-muted-foreground"
            >
              <li>
                <a
                  class="transition-colors hover:text-accent"
                  data-discover="true"
                  href="/login"
                >
                  Sign In
                </a>
              </li>
              <li>
                <a
                  class="transition-colors hover:text-accent"
                  data-discover="true"
                  href="/signup"
                >
                  Register
                </a>
              </li>
              <li>
                <a
                  class="transition-colors hover:text-accent"
                  data-discover="true"
                  href="/dashboard"
                >
                  My Orders
                </a>
              </li>
              <li>
                <a
                  class="transition-colors hover:text-accent"
                  data-discover="true"
                  href="/profile"
                >
                  Profile
                </a>
              </li>
            </ul>
          </div>
          <div>
            <h4
              class="mb-4 text-sm font-semibold uppercase tracking-wider text-primary"
            >
              Help
            </h4>
            <ul
              class="space-y-3 text-sm text-muted-foreground"
            >
              <li>
                <a
                  class="transition-colors hover:text-accent"
                  data-discover="true"
                  href="/contact"
                >
                  Contact Us
                </a>
              </li>
              <li>
                <a
                  class="transition-colors hover:text-accent"
                  data-discover="true"
                  href="/about"
                >
                  Shipping & Returns
                </a>
              </li>
              <li>
                <a
                  class="transition-colors hover:text-accent"
                  data-discover="true"
                  href="/about"
                >
                  FAQ
                </a>
              </li>
              <li>
                <a
                  class="transition-colors hover:text-accent"
                  data-discover="true"
                  href="/about"
                >
                  Size Guide
                </a>
              </li>
            </ul>
          </div>
          <div>
            <h4
              class="mb-4 text-sm font-semibold uppercase tracking-wider text-primary"
            >
              Shop
            </h4>
            <ul
              class="space-y-3 text-sm text-muted-foreground"
            >
              <li>
                <a
                  class="transition-colors hover:text-accent"
                  data-discover="true"
                  href="/products"
                >
                  All Products
                </a>
              </li>
              <li>
                <a
                  class="transition-colors hover:text-accent"
                  data-discover="true"
                  href="/products"
                >
                  New Arrivals
                </a>
              </li>
              <li>
                <a
                  class="transition-colors hover:text-accent"
                  data-discover="true"
                  href="/products"
                >
                  Best Sellers
                </a>
              </li>
              <li>
                <a
                  class="transition-colors hover:text-accent"
                  data-discover="true"
                  href="/cart"
                >
                  Your Cart
                </a>
              </li>
            </ul>
          </div>
        </div>
        <div
          class="mt-12 border-t border-border pt-8 text-center text-sm text-muted-foreground"
        >
          © 2026 Aljo Store. All rights reserved.
        </div>
      </div>
    </footer>
  </div>
</div>
`;
